// Jest Snapshot v1, https://goo.gl/fbAQLP

exports[`logDaysStartingWithT logs 'Tuesday' and 'Thursday' 1`] = `
[
  [
    "Tuesday",
  ],
  [
    "Thursday",
  ],
]
`;

exports[`logDaysStartingWithT logs no days 1`] = `[]`;
